Archive member included to satisfy reference by file (symbol)

c:/st/stm32cubeide_1.7.0/stm32cubeide/plugins/com.st.stm32cube.ide.mcu.externaltools.gnu-tools-for-stm32.9-2020-q2-update.win32_2.0.0.202105311346/tools/bin/../lib/gcc/arm-none-eabi/9.3.1/../../../../arm-none-eabi/lib/thumb/v7e-m+fp/hard\libc_nano.a(lib_a-errno.o)
                              ./Core/Src/syscalls.o (__errno)
c:/st/stm32cubeide_1.7.0/stm32cubeide/plugins/com.st.stm32cube.ide.mcu.externaltools.gnu-tools-for-stm32.9-2020-q2-update.win32_2.0.0.202105311346/tools/bin/../lib/gcc/arm-none-eabi/9.3.1/../../../../arm-none-eabi/lib/thumb/v7e-m+fp/hard\libc_nano.a(lib_a-exit.o)
                              c:/st/stm32cubeide_1.7.0/stm32cubeide/plugins/com.st.stm32cube.ide.mcu.externaltools.gnu-tools-for-stm32.9-2020-q2-update.win32_2.0.0.202105311346/tools/bin/../lib/gcc/arm-none-eabi/9.3.1/../../../../arm-none-eabi/lib/thumb/v7e-m+fp/hard/crt0.o (exit)
c:/st/stm32cubeide_1.7.0/stm32cubeide/plugins/com.st.stm32cube.ide.mcu.externaltools.gnu-tools-for-stm32.9-2020-q2-update.win32_2.0.0.202105311346/tools/bin/../lib/gcc/arm-none-eabi/9.3.1/../../../../arm-none-eabi/lib/thumb/v7e-m+fp/hard\libc_nano.a(lib_a-impure.o)
                              c:/st/stm32cubeide_1.7.0/stm32cubeide/plugins/com.st.stm32cube.ide.mcu.externaltools.gnu-tools-for-stm32.9-2020-q2-update.win32_2.0.0.202105311346/tools/bin/../lib/gcc/arm-none-eabi/9.3.1/../../../../arm-none-eabi/lib/thumb/v7e-m+fp/hard\libc_nano.a(lib_a-exit.o) (_global_impure_ptr)
c:/st/stm32cubeide_1.7.0/stm32cubeide/plugins/com.st.stm32cube.ide.mcu.externaltools.gnu-tools-for-stm32.9-2020-q2-update.win32_2.0.0.202105311346/tools/bin/../lib/gcc/arm-none-eabi/9.3.1/../../../../arm-none-eabi/lib/thumb/v7e-m+fp/hard\libc_nano.a(lib_a-init.o)
                              c:/st/stm32cubeide_1.7.0/stm32cubeide/plugins/com.st.stm32cube.ide.mcu.externaltools.gnu-tools-for-stm32.9-2020-q2-update.win32_2.0.0.202105311346/tools/bin/../lib/gcc/arm-none-eabi/9.3.1/../../../../arm-none-eabi/lib/thumb/v7e-m+fp/hard/crt0.o (__libc_init_array)
c:/st/stm32cubeide_1.7.0/stm32cubeide/plugins/com.st.stm32cube.ide.mcu.externaltools.gnu-tools-for-stm32.9-2020-q2-update.win32_2.0.0.202105311346/tools/bin/../lib/gcc/arm-none-eabi/9.3.1/../../../../arm-none-eabi/lib/thumb/v7e-m+fp/hard\libc_nano.a(lib_a-memcpy-stub.o)
                              ./RTOS_Kernel/Src/Rtos_mailbox.o (memcpy)
c:/st/stm32cubeide_1.7.0/stm32cubeide/plugins/com.st.stm32cube.ide.mcu.externaltools.gnu-tools-for-stm32.9-2020-q2-update.win32_2.0.0.202105311346/tools/bin/../lib/gcc/arm-none-eabi/9.3.1/../../../../arm-none-eabi/lib/thumb/v7e-m+fp/hard\libc_nano.a(lib_a-memset.o)
                              c:/st/stm32cubeide_1.7.0/stm32cubeide/plugins/com.st.stm32cube.ide.mcu.externaltools.gnu-tools-for-stm32.9-2020-q2-update.win32_2.0.0.202105311346/tools/bin/../lib/gcc/arm-none-eabi/9.3.1/../../../../arm-none-eabi/lib/thumb/v7e-m+fp/hard/crt0.o (memset)
c:/st/stm32cubeide_1.7.0/stm32cubeide/plugins/com.st.stm32cube.ide.mcu.externaltools.gnu-tools-for-stm32.9-2020-q2-update.win32_2.0.0.202105311346/tools/bin/../lib/gcc/arm-none-eabi/9.3.1/thumb/v7e-m+fp/hard\libgcc.a(_aeabi_uldivmod.o)
                              ./Drivers/STM32F4xx_HAL_Driver/Src/stm32f4xx_hal_rcc.o (__aeabi_uldivmod)
c:/st/stm32cubeide_1.7.0/stm32cubeide/plugins/com.st.stm32cube.ide.mcu.externaltools.gnu-tools-for-stm32.9-2020-q2-update.win32_2.0.0.202105311346/tools/bin/../lib/gcc/arm-none-eabi/9.3.1/thumb/v7e-m+fp/hard\libgcc.a(_udivmoddi4.o)
                              c:/st/stm32cubeide_1.7.0/stm32cubeide/plugins/com.st.stm32cube.ide.mcu.externaltools.gnu-tools-for-stm32.9-2020-q2-update.win32_2.0.0.202105311346/tools/bin/../lib/gcc/arm-none-eabi/9.3.1/thumb/v7e-m+fp/hard\libgcc.a(_aeabi_uldivmod.o) (__udivmoddi4)
c:/st/stm32cubeide_1.7.0/stm32cubeide/plugins/com.st.stm32cube.ide.mcu.externaltools.gnu-tools-for-stm32.9-2020-q2-update.win32_2.0.0.202105311346/tools/bin/../lib/gcc/arm-none-eabi/9.3.1/thumb/v7e-m+fp/hard\libgcc.a(_dvmd_tls.o)
                              c:/st/stm32cubeide_1.7.0/stm32cubeide/plugins/com.st.stm32cube.ide.mcu.externaltools.gnu-tools-for-stm32.9-2020-q2-update.win32_2.0.0.202105311346/tools/bin/../lib/gcc/arm-none-eabi/9.3.1/thumb/v7e-m+fp/hard\libgcc.a(_aeabi_uldivmod.o) (__aeabi_ldiv0)

Allocating common symbols
Common symbol       size              file

svcEXEReturn        0x4               ./RTOS_Kernel/Src/Rtos.o
uwTick              0x4               ./Drivers/STM32F4xx_HAL_Driver/Src/stm32f4xx_hal.o
pFlash              0x20              ./Drivers/STM32F4xx_HAL_Driver/Src/stm32f4xx_hal_flash.o
ticks               0x4               ./Core/Src/stm32f4xx_it.o

Discarded input sections

[...]
Memory Configuration

Name             Origin             Length             Attributes
CCMRAM           0x0000000010000000 0x0000000000010000 xrw
RAM              0x0000000020000000 0x0000000000030000 xrw
FLASH            0x0000000008000000 0x0000000000200000 xr
*default*        0x0000000000000000 0xffffffffffffffff

Linker script and memory map

LOAD c:/st/stm32cubeide_1.7.0/stm32cubeide/plugins/com.st.stm32cube.ide.mcu.externaltools.gnu-tools-for-stm32.9-2020-q2-update.win32_2.0.0.202105311346/tools/bin/../lib/gcc/arm-none-eabi/9.3.1/thumb/v7e-m+fp/hard/crti.o
LOAD c:/st/stm32cubeide_1.7.0/stm32cubeide/plugins/com.st.stm32cube.ide.mcu.externaltools.gnu-tools-for-stm32.9-2020-q2-update.win32_2.0.0.202105311346/tools/bin/../lib/gcc/arm-none-eabi/9.3.1/thumb/v7e-m+fp/hard/crtbegin.o
LOAD c:/st/stm32cubeide_1.7.0/stm32cubeide/plugins/com.st.stm32cube.ide.mcu.externaltools.gnu-tools-for-stm32.9-2020-q2-update.win32_2.0.0.202105311346/tools/bin/../lib/gcc/arm-none-eabi/9.3.1/../../../../arm-none-eabi/lib/thumb/v7e-m+fp/hard/crt0.o
LOAD ./Core/Src/CAN.o
LOAD ./Core/Src/gpio.o
LOAD ./Core/Src/itm.o
LOAD ./Core/Src/main.o
LOAD ./Core/Src/stm32f4xx_hal_msp.o
LOAD ./Core/Src/stm32f4xx_it.o
LOAD ./Core/Src/syscalls.o
LOAD ./Core/Src/sysmem.o
LOAD ./Core/Src/system_stm32f4xx.o
LOAD ./Core/Startup/startup_stm32f429zitx.o
LOAD ./Drivers/STM32F4xx_HAL_Driver/Src/stm32f4xx_hal.o
LOAD ./Drivers/STM32F4xx_HAL_Driver/Src/stm32f4xx_hal_cortex.o
LOAD ./Drivers/STM32F4xx_HAL_Driver/Src/stm32f4xx_hal_dma.o
LOAD ./Drivers/STM32F4xx_HAL_Driver/Src/stm32f4xx_hal_dma_ex.o
LOAD ./Drivers/STM32F4xx_HAL_Driver/Src/stm32f4xx_hal_exti.o
LOAD ./Drivers/STM32F4xx_HAL_Driver/Src/stm32f4xx_hal_flash.o
LOAD ./Drivers/STM32F4xx_HAL_Driver/Src/stm32f4xx_hal_flash_ex.o
LOAD ./Drivers/STM32F4xx_HAL_Driver/Src/stm32f4xx_hal_flash_ramfunc.o
LOAD ./Drivers/STM32F4xx_HAL_Driver/Src/stm32f4xx_hal_gpio.o
LOAD ./Drivers/STM32F4xx_HAL_Driver/Src/stm32f4xx_hal_pwr.o
LOAD ./Drivers/STM32F4xx_HAL_Driver/Src/stm32f4xx_hal_pwr_ex.o
LOAD ./Drivers/STM32F4xx_HAL_Driver/Src/stm32f4xx_hal_rcc.o
LOAD ./Drivers/STM32F4xx_HAL_Driver/Src/stm32f4xx_hal_rcc_ex.o
LOAD ./Drivers/STM32F4xx_HAL_Driver/Src/stm32f4xx_hal_tim.o
LOAD ./Drivers/STM32F4xx_HAL_Driver/Src/stm32f4xx_hal_tim_ex.o
LOAD ./RTOS_Kernel/Src/HelpFun.o
LOAD ./RTOS_Kernel/Src/Rtos.o
LOAD ./RTOS_Kernel/Src/Rtos_asm.o
LOAD ./RTOS_Kernel/Src/Rtos_list.o
LOAD ./RTOS_Kernel/Src/Rtos_mailbox.o
LOAD ./RTOS_Kernel/Src/Rtos_mutex.o
LOAD ./RTOS_Kernel/Src/Rtos_semaphore.o
LOAD ./RTOS_Kernel/Src/Rtos_svc_calls.o
LOAD ./RTOS_Kernel/Src/Rtos_thread.o
START GROUP
LOAD c:/st/stm32cubeide_1.7.0/stm32cubeide/plugins/com.st.stm32cube.ide.mcu.externaltools.gnu-tools-for-stm32.9-2020-q2-update.win32_2.0.0.202105311346/tools/bin/../lib/gcc/arm-none-eabi/9.3.1/../../../../arm-none-eabi/lib/thumb/v7e-m+fp/hard\libc_nano.a
LOAD c:/st/stm32cubeide_1.7.0/stm32cubeide/plugins/com.st.stm32cube.ide.mcu.externaltools.gnu-tools-for-stm32.9-2020-q2-update.win32_2.0.0.202105311346/tools/bin/../lib/gcc/arm-none-eabi/9.3.1/../../../../arm-none-eabi/lib/thumb/v7e-m+fp/hard\libm.a
END GROUP
START GROUP
LOAD c:/st/stm32cubeide_1.7.0/stm32cubeide/plugins/com.st.stm32cube.ide.mcu.externaltools.gnu-tools-for-stm32.9-2020-q2-update.win32_2.0.0.202105311346/tools/bin/../lib/gcc/arm-none-eabi/9.3.1/thumb/v7e-m+fp/hard\libgcc.a
LOAD c:/st/stm32cubeide_1.7.0/stm32cubeide/plugins/com.st.stm32cube.ide.mcu.externaltools.gnu-tools-for-stm32.9-2020-q2-update.win32_2.0.0.202105311346/tools/bin/../lib/gcc/arm-none-eabi/9.3.1/../../../../arm-none-eabi/lib/thumb/v7e-m+fp/hard\libc_nano.a
END GROUP
START GROUP
LOAD c:/st/stm32cubeide_1.7.0/stm32cubeide/plugins/com.st.stm32cube.ide.mcu.externaltools.gnu-tools-for-stm32.9-2020-q2-update.win32_2.0.0.202105311346/tools/bin/../lib/gcc/arm-none-eabi/9.3.1/thumb/v7e-m+fp/hard\libgcc.a
LOAD c:/st/stm32cubeide_1.7.0/stm32cubeide/plugins/com.st.stm32cube.ide.mcu.externaltools.gnu-tools-for-stm32.9-2020-q2-update.win32_2.0.0.202105311346/tools/bin/../lib/gcc/arm-none-eabi/9.3.1/../../../../arm-none-eabi/lib/thumb/v7e-m+fp/hard\libc_nano.a
LOAD c:/st/stm32cubeide_1.7.0/stm32cubeide/plugins/com.st.stm32cube.ide.mcu.externaltools.gnu-tools-for-stm32.9-2020-q2-update.win32_2.0.0.202105311346/tools/bin/../lib/gcc/arm-none-eabi/9.3.1/../../../../arm-none-eabi/lib/thumb/v7e-m+fp/hard\libnosys.a
END GROUP
START GROUP
LOAD c:/st/stm32cubeide_1.7.0/stm32cubeide/plugins/com.st.stm32cube.ide.mcu.externaltools.gnu-tools-for-stm32.9-2020-q2-update.win32_2.0.0.202105311346/tools/bin/../lib/gcc/arm-none-eabi/9.3.1/thumb/v7e-m+fp/hard\libgcc.a
LOAD c:/st/stm32cubeide_1.7.0/stm32cubeide/plugins/com.st.stm32cube.ide.mcu.externaltools.gnu-tools-for-stm32.9-2020-q2-update.win32_2.0.0.202105311346/tools/bin/../lib/gcc/arm-none-eabi/9.3.1/../../../../arm-none-eabi/lib/thumb/v7e-m+fp/hard\libc_nano.a
LOAD c:/st/stm32cubeide_1.7.0/stm32cubeide/plugins/com.st.stm32cube.ide.mcu.externaltools.gnu-tools-for-stm32.9-2020-q2-update.win32_2.0.0.202105311346/tools/bin/../lib/gcc/arm-none-eabi/9.3.1/../../../../arm-none-eabi/lib/thumb/v7e-m+fp/hard\libnosys.a
END GROUP
LOAD c:/st/stm32cubeide_1.7.0/stm32cubeide/plugins/com.st.stm32cube.ide.mcu.externaltools.gnu-tools-for-stm32.9-2020-q2-update.win32_2.0.0.202105311346/tools/bin/../lib/gcc/arm-none-eabi/9.3.1/thumb/v7e-m+fp/hard/crtend.o
LOAD c:/st/stm32cubeide_1.7.0/stm32cubeide/plugins/com.st.stm32cube.ide.mcu.externaltools.gnu-tools-for-stm32.9-2020-q2-update.win32_2.0.0.202105311346/tools/bin/../lib/gcc/arm-none-eabi/9.3.1/thumb/v7e-m+fp/hard/crtn.o
                0x0000000020030000                _estack = (ORIGIN (RAM) + LENGTH (RAM))
                0x0000000000000200                _Min_Heap_Size = 0x200
                0x0000000000000400                _Min_Stack_Size = 0x400

.isr_vector     0x0000000008000000      0x1ac
                0x0000000008000000                . = ALIGN (0x4)
 *(.isr_vector)
 .isr_vector    0x0000000008000000      0x1ac ./Core/Startup/startup_stm32f429zitx.o
                0x0000000008000000                g_pfnVectors
                0x00000000080001ac                . = ALIGN (0x4)

.text           0x00000000080001ac     0x1960
                0x00000000080001ac                . = ALIGN (0x4)
 *(.text)
 .text          0x00000000080001ac       0x40 c:/st/stm32cubeide_1.7.0/stm32cubeide/plugins/com.st.stm32cube.ide.mcu.externaltools.gnu-tools-for-stm32.9-2020-q2-update.win32_2.0.0.202105311346/tools/bin/../lib/gcc/arm-none-eabi/9.3.1/thumb/v7e-m+fp/hard/crtbegin.o
 .text          0x00000000080001ec       0x7c ./RTOS_Kernel/Src/Rtos_asm.o
                0x00000000080001ec                RTOS_SVC_Handler
                0x000000000800020c                RTOS_PendSV_Handler
 .text          0x0000000008000268       0x38 ./RTOS_Kernel/Src/Rtos_svc_calls.o
                0x0000000008000268                RTOS_SVC_schedulerStart
                0x000000000800026c                RTOS_SVC_threadCreate
                0x0000000008000270                RTOS_SVC_mutexCreate
                0x0000000008000274                RTOS_SVC_mutexLock
                0x0000000008000278                RTOS_SVC_mutexRelease
                0x000000000800027c                RTOS_SVC_semaphoreCreate
                0x0000000008000280                RTOS_SVC_semaphoreTake
                0x0000000008000284                RTOS_SVC_semaphoreGive
                0x0000000008000288                RTOS_SVC_mailboxCreate
                0x000000000800028c                RTOS_SVC_mailboxWrite
                0x0000000008000290                RTOS_SVC_mailboxRead
                0x0000000008000294                RTOS_SVC_threadDelay
                0x0000000008000298                RTOS_SVC_threadDestroy
                0x000000000800029c                RTOS_SVC_threadPrioritySet
 *(.text*)
 .text.CAN1_Init
                0x00000000080002a0      0x1f0 ./Core/Src/CAN.o
                0x00000000080002a0                CAN1_Init
 .text.CAN1_Transmit_Red1
                0x0000000008000490       0x48 ./Core/Src/CAN.o
                0x0000000008000490                CAN1_Transmit_Red1
 .text.CAN1_Transmit_Red2
                0x00000000080004d8       0x48 ./Core/Src/CAN.o
                0x00000000080004d8                CAN1_Transmit_Red2
 .text.CAN1_Transmit_Green1
                0x0000000008000520       0x48 ./Core/Src/CAN.o
                0x0000000008000520                CAN1_Transmit_Green1
 .text.CAN1_Transmit_Green2
                0x0000000008000568       0x48 ./Core/Src/CAN.o
                0x0000000008000568                CAN1_Transmit_Green2
 .text.CAN1_Receive
                0x00000000080005b0       0xb4 ./Core/Src/CAN.o
                0x00000000080005b0                CAN1_Receive
 .text.ITM_SendChar
                0x0000000008000664       0x4e ./Core/Src/itm.o
 .text.ITM_Printf
                0x00000000080006b2       0x30 ./Core/Src/itm.o
                0x00000000080006b2                ITM_Printf
 *fill*         0x00000000080006e2        0x2 
 .text.thread1function
                0x00000000080006e4       0x70 ./Core/Src/main.o
                0x00000000080006e4                thread1function
 .text.thread2function
                0x0000000008000754       0x50 ./Core/Src/main.o
                0x0000000008000754                thread2function
 .text.thread3function
                0x00000000080007a4       0x40 ./Core/Src/main.o
                0x00000000080007a4                thread3function
 .text.thread4function
                0x00000000080007e4        0x6 ./Core/Src/main.o
                0x00000000080007e4                thread4function
 *fill*         0x00000000080007ea        0x2 
 .text.main     0x00000000080007ec       0xa0 ./Core/Src/main.o
                0x00000000080007ec                main
 .text.NMI_Handler
                0x000000000800088c        0x6 ./Core/Src/stm32f4xx_it.o
                0x000000000800088c                NMI_Handler
 .text.HardFault_Handler
                0x0000000008000892        0x6 ./Core/Src/stm32f4xx_it.o
                0x0000000008000892                HardFault_Handler
 .text.MemManage_Handler
                0x0000000008000898        0x6 ./Core/Src/stm32f4xx_it.o
                0x0000000008000898                MemManage_Handler
 .text.BusFault_Handler
                0x000000000800089e        0x6 ./Core/Src/stm32f4xx_it.o
                0x000000000800089e                BusFault_Handler
 .text.UsageFault_Handler
                0x00000000080008a4        0x6 ./Core/Src/stm32f4xx_it.o
                0x00000000080008a4                UsageFault_Handler
 .text.DebugMon_Handler
                0x00000000080008aa        0xe ./Core/Src/stm32f4xx_it.o
                0x00000000080008aa                DebugMon_Handler
 .text.SystemInit
                0x00000000080008b8       0x24 ./Core/Src/system_stm32f4xx.o
                0x00000000080008b8                SystemInit
 .text.Reset_Handler
                0x00000000080008dc       0x50 ./Core/Startup/startup_stm32f429zitx.o
                0x00000000080008dc                Reset_Handler
 .text.Default_Handler
                0x000000000800092c        0x2 ./Core/Startup/startup_stm32f429zitx.o
                0x000000000800092c                RTC_Alarm_IRQHandler
                0x000000000800092c                HASH_RNG_IRQHandler
                0x000000000800092c                EXTI2_IRQHandler
                0x000000000800092c                TIM8_CC_IRQHandler
                0x000000000800092c                UART8_IRQHandler
                0x000000000800092c                SPI4_IRQHandler
                0x000000000800092c                TIM1_CC_IRQHandler
                0x000000000800092c                DMA2_Stream5_IRQHandler
                0x000000000800092c                DMA1_Stream5_IRQHandler
                0x000000000800092c                PVD_IRQHandler
                0x000000000800092c                SDIO_IRQHandler
                0x000000000800092c                TAMP_STAMP_IRQHandler
                0x000000000800092c                CAN2_RX1_IRQHandler
                0x000000000800092c                EXTI3_IRQHandler
                0x000000000800092c                TIM8_TRG_COM_TIM14_IRQHandler
                0x000000000800092c                TIM1_UP_TIM10_IRQHandler
                0x000000000800092c                TIM8_UP_TIM13_IRQHandler
                0x000000000800092c                I2C3_ER_IRQHandler
                0x000000000800092c                EXTI0_IRQHandler
                0x000000000800092c                I2C2_EV_IRQHandler
                0x000000000800092c                DMA1_Stream2_IRQHandler
                0x000000000800092c                CAN1_RX0_IRQHandler
                0x000000000800092c                FPU_IRQHandler
                0x000000000800092c                OTG_HS_WKUP_IRQHandler
                0x000000000800092c                LTDC_ER_IRQHandler
                0x000000000800092c                CAN2_SCE_IRQHandler
                0x000000000800092c                DMA2_Stream2_IRQHandler
                0x000000000800092c                SPI1_IRQHandler
                0x000000000800092c                TIM6_DAC_IRQHandler
                0x000000000800092c                TIM1_BRK_TIM9_IRQHandler
                0x000000000800092c                DCMI_IRQHandler
                0x000000000800092c                CAN2_RX0_IRQHandler
                0x000000000800092c                DMA2_Stream3_IRQHandler
                0x000000000800092c                USART6_IRQHandler
                0x000000000800092c                USART3_IRQHandler
                0x000000000800092c                CAN1_RX1_IRQHandler
                0x000000000800092c                UART5_IRQHandler
                0x000000000800092c                DMA2_Stream0_IRQHandler
                0x000000000800092c                TIM4_IRQHandler
                0x000000000800092c                I2C1_EV_IRQHandler
                0x000000000800092c                DMA1_Stream6_IRQHandler
                0x000000000800092c                DMA1_Stream1_IRQHandler
                0x000000000800092c                UART4_IRQHandler
                0x000000000800092c                TIM3_IRQHandler
                0x000000000800092c                RCC_IRQHandler
                0x000000000800092c                TIM8_BRK_TIM12_IRQHandler
                0x000000000800092c                Default_Handler
                0x000000000800092c                EXTI15_10_IRQHandler
                0x000000000800092c                ADC_IRQHandler
                0x000000000800092c                DMA1_Stream7_IRQHandler
                0x000000000800092c                SPI5_IRQHandler
                0x000000000800092c                TIM7_IRQHandler
                0x000000000800092c                CAN2_TX_IRQHandler
                0x000000000800092c                TIM5_IRQHandler
                0x000000000800092c                DMA2_Stream7_IRQHandler
                0x000000000800092c                I2C3_EV_IRQHandler
                0x000000000800092c                EXTI9_5_IRQHandler
                0x000000000800092c                RTC_WKUP_IRQHandler
                0x000000000800092c                LTDC_IRQHandler
                0x000000000800092c                ETH_WKUP_IRQHandler
                0x000000000800092c                SPI2_IRQHandler
                0x000000000800092c                OTG_HS_EP1_IN_IRQHandler
                0x000000000800092c                DMA1_Stream0_IRQHandler
                0x000000000800092c                CAN1_TX_IRQHandler
                0x000000000800092c                EXTI4_IRQHandler
                0x000000000800092c                ETH_IRQHandler
                0x000000000800092c                OTG_HS_EP1_OUT_IRQHandler
                0x000000000800092c                WWDG_IRQHandler
                0x000000000800092c                SPI6_IRQHandler
                0x000000000800092c                TIM2_IRQHandler
                0x000000000800092c                OTG_FS_WKUP_IRQHandler
                0x000000000800092c                TIM1_TRG_COM_TIM11_IRQHandler
                0x000000000800092c                OTG_HS_IRQHandler
                0x000000000800092c                DMA2D_IRQHandler
                0x000000000800092c                EXTI1_IRQHandler
                0x000000000800092c                UART7_IRQHandler
                0x000000000800092c                USART2_IRQHandler
                0x000000000800092c                I2C2_ER_IRQHandler
                0x000000000800092c                DMA2_Stream1_IRQHandler
                0x000000000800092c                CAN1_SCE_IRQHandler
                0x000000000800092c                FLASH_IRQHandler
                0x000000000800092c                DMA2_Stream4_IRQHandler
                0x000000000800092c                USART1_IRQHandler
                0x000000000800092c                OTG_FS_IRQHandler
                0x000000000800092c                SPI3_IRQHandler
                0x000000000800092c                DMA1_Stream4_IRQHandler
                0x000000000800092c                I2C1_ER_IRQHandler
                0x000000000800092c                FMC_IRQHandler
                0x000000000800092c                DMA2_Stream6_IRQHandler
                0x000000000800092c                SAI1_IRQHandler
                0x000000000800092c                DMA1_Stream3_IRQHandler
 .text.assert_failed
                0x000000000800092e       0x16 ./RTOS_Kernel/Src/HelpFun.o
                0x000000000800092e                assert_failed
 .text.Error_Handler
                0x0000000008000944        0xa ./RTOS_Kernel/Src/HelpFun.o
                0x0000000008000944                Error_Handler
 *fill*         0x000000000800094e        0x2 
 .text.__NVIC_SetPriorityGrouping
                0x0000000008000950       0x48 ./RTOS_Kernel/Src/Rtos.o
 .text.__NVIC_EnableIRQ
                0x0000000008000998       0x3c ./RTOS_Kernel/Src/Rtos.o
 .text.__NVIC_SetPriority
                0x00000000080009d4       0x54 ./RTOS_Kernel/Src/Rtos.o
 .text.SysTick_Config
                0x0000000008000a28       0x44 ./RTOS_Kernel/Src/Rtos.o
 .text.idleThreadFunction
                0x0000000008000a6c        0x6 ./RTOS_Kernel/Src/Rtos.o
 *fill*         0x0000000008000a72        0x2 
 .text.RTOS_init
                0x0000000008000a74       0x88 ./RTOS_Kernel/Src/Rtos.o
                0x0000000008000a74                RTOS_init
 .text.RTOS_SVC_Handler_main
                0x0000000008000afc      0x1ec ./RTOS_Kernel/Src/Rtos.o
                0x0000000008000afc                RTOS_SVC_Handler_main
 .text.RTOS_schedulerStart
                0x0000000008000ce8       0x7c ./RTOS_Kernel/Src/Rtos.o
                0x0000000008000ce8                RTOS_schedulerStart
 .text.RTOS_isSchedulerRunning
                0x0000000008000d64       0x18 ./RTOS_Kernel/Src/Rtos.o
                0x0000000008000d64                RTOS_isSchedulerRunning
 .text.RTOS_SysTick_Handler
                0x0000000008000d7c       0x1c ./RTOS_Kernel/Src/Rtos.o
                0x0000000008000d7c                RTOS_SysTick_Handler
 .text.RTOS_listInit
                0x0000000008000d98       0x50 ./RTOS_Kernel/Src/Rtos_list.o
                0x0000000008000d98                RTOS_listInit
 .text.RTOS_listInsertEnd
                0x0000000008000de8       0x50 ./RTOS_Kernel/Src/Rtos_list.o
                0x0000000008000de8                RTOS_listInsertEnd
 .text.RTOS_listRemove
                0x0000000008000e38       0x50 ./RTOS_Kernel/Src/Rtos_list.o
                0x0000000008000e38                RTOS_listRemove
 .text.RTOS_listInsert
                0x0000000008000e88       0x88 ./RTOS_Kernel/Src/Rtos_list.o
                0x0000000008000e88                RTOS_listInsert
 .text.checkWaitingThreads
                0x0000000008000f10       0x64 ./RTOS_Kernel/Src/Rtos_mailbox.o
 .text.blockCurrentThread
                0x0000000008000f74       0x44 ./RTOS_Kernel/Src/Rtos_mailbox.o
 .text.RTOS_mailboxCreate
                0x0000000008000fb8       0xa4 ./RTOS_Kernel/Src/Rtos_mailbox.o
                0x0000000008000fb8                RTOS_mailboxCreate
 .text.RTOS_mailboxWrite
                0x000000000800105c       0xc0 ./RTOS_Kernel/Src/Rtos_mailbox.o
                0x000000000800105c                RTOS_mailboxWrite
 .text.RTOS_mailboxRead
                0x000000000800111c       0xc4 ./RTOS_Kernel/Src/Rtos_mailbox.o
                0x000000000800111c                RTOS_mailboxRead
 .text.RTOS_mutexCreate
                0x00000000080011e0       0x50 ./RTOS_Kernel/Src/Rtos_mutex.o
                0x00000000080011e0                RTOS_mutexCreate
 .text.RTOS_mutexLock
                0x0000000008001230       0xf4 ./RTOS_Kernel/Src/Rtos_mutex.o
                0x0000000008001230                RTOS_mutexLock
 .text.RTOS_mutexRelease
                0x0000000008001324       0x78 ./RTOS_Kernel/Src/Rtos_mutex.o
                0x0000000008001324                RTOS_mutexRelease
 .text.RTOS_semaphoreCreate
                0x000000000800139c       0x34 ./RTOS_Kernel/Src/Rtos_semaphore.o
                0x000000000800139c                RTOS_semaphoreCreate
 .text.RTOS_semaphoreTake
                0x00000000080013d0       0xf0 ./RTOS_Kernel/Src/Rtos_semaphore.o
                0x00000000080013d0                RTOS_semaphoreTake
 .text.RTOS_semaphoreGive
                0x00000000080014c0       0xac ./RTOS_Kernel/Src/Rtos_semaphore.o
                0x00000000080014c0                RTOS_semaphoreGive
 .text.RTOS_threadInitLists
                0x000000000800156c       0x3c ./RTOS_Kernel/Src/Rtos_thread.o
                0x000000000800156c                RTOS_threadInitLists
 .text.RTOS_threadCreate
                0x00000000080015a8       0xe0 ./RTOS_Kernel/Src/Rtos_thread.o
                0x00000000080015a8                RTOS_threadCreate
 .text.RTOS_threadAddToReadyList
                0x0000000008001688       0x84 ./RTOS_Kernel/Src/Rtos_thread.o
                0x0000000008001688                RTOS_threadAddToReadyList
 .text.RTOS_threadSwitchRunning
                0x000000000800170c       0xac ./RTOS_Kernel/Src/Rtos_thread.o
                0x000000000800170c                RTOS_threadSwitchRunning
 .text.RTOS_threadGetRunning
                0x00000000080017b8       0x18 ./RTOS_Kernel/Src/Rtos_thread.o
                0x00000000080017b8                RTOS_threadGetRunning
 .text.RTOS_threadAddRunningToTimerList
                0x00000000080017d0       0x84 ./RTOS_Kernel/Src/Rtos_thread.o
                0x00000000080017d0                RTOS_threadAddRunningToTimerList
 .text.RTOS_threadRefreshTimerList
                0x0000000008001854       0x94 ./RTOS_Kernel/Src/Rtos_thread.o
                0x0000000008001854                RTOS_threadRefreshTimerList
 .text.RTOS_threadDestroy
                0x00000000080018e8       0x68 ./RTOS_Kernel/Src/Rtos_thread.o
                0x00000000080018e8                RTOS_threadDestroy
 .text.RTOS_threadPriorityInherit
                0x0000000008001950       0x84 ./RTOS_Kernel/Src/Rtos_thread.o
                0x0000000008001950                RTOS_threadPriorityInherit
 .text.RTOS_threadPriorityDisinherit
                0x00000000080019d4       0x4c ./RTOS_Kernel/Src/Rtos_thread.o
                0x00000000080019d4                RTOS_threadPriorityDisinherit
 .text.RTOS_threadPrioritySet
                0x0000000008001a20       0x70 ./RTOS_Kernel/Src/Rtos_thread.o
                0x0000000008001a20                RTOS_threadPrioritySet
 .text.__libc_init_array
                0x0000000008001a90       0x48 c:/st/stm32cubeide_1.7.0/stm32cubeide/plugins/com.st.stm32cube.ide.mcu.externaltools.gnu-tools-for-stm32.9-2020-q2-update.win32_2.0.0.202105311346/tools/bin/../lib/gcc/arm-none-eabi/9.3.1/../../../../arm-none-eabi/lib/thumb/v7e-m+fp/hard\libc_nano.a(lib_a-init.o)
                0x0000000008001a90                __libc_init_array
 .text.memcpy   0x0000000008001ad8       0x1c c:/st/stm32cubeide_1.7.0/stm32cubeide/plugins/com.st.stm32cube.ide.mcu.externaltools.gnu-tools-for-stm32.9-2020-q2-update.win32_2.0.0.202105311346/tools/bin/../lib/gcc/arm-none-eabi/9.3.1/../../../../arm-none-eabi/lib/thumb/v7e-m+fp/hard\libc_nano.a(lib_a-memcpy-stub.o)
                0x0000000008001ad8                memcpy
 *(.glue_7)
 .glue_7        0x0000000008001af4        0x0 linker stubs
 *(.glue_7t)
 .glue_7t       0x0000000008001af4        0x0 linker stubs
 *(.eh_frame)
 .eh_frame      0x0000000008001af4        0x0 c:/st/stm32cubeide_1.7.0/stm32cubeide/plugins/com.st.stm32cube.ide.mcu.externaltools.gnu-tools-for-stm32.9-2020-q2-update.win32_2.0.0.202105311346/tools/bin/../lib/gcc/arm-none-eabi/9.3.1/thumb/v7e-m+fp/hard/crtbegin.o
 *(.init)
 .init          0x0000000008001af4        0x4 c:/st/stm32cubeide_1.7.0/stm32cubeide/plugins/com.st.stm32cube.ide.mcu.externaltools.gnu-tools-for-stm32.9-2020-q2-update.win32_2.0.0.202105311346/tools/bin/../lib/gcc/arm-none-eabi/9.3.1/thumb/v7e-m+fp/hard/crti.o
                0x0000000008001af4                _init
 .init          0x0000000008001af8        0x8 c:/st/stm32cubeide_1.7.0/stm32cubeide/plugins/com.st.stm32cube.ide.mcu.externaltools.gnu-tools-for-stm32.9-2020-q2-update.win32_2.0.0.202105311346/tools/bin/../lib/gcc/arm-none-eabi/9.3.1/thumb/v7e-m+fp/hard/crtn.o
 *(.fini)
 .fini          0x0000000008001b00        0x4 c:/st/stm32cubeide_1.7.0/stm32cubeide/plugins/com.st.stm32cube.ide.mcu.externaltools.gnu-tools-for-stm32.9-2020-q2-update.win32_2.0.0.202105311346/tools/bin/../lib/gcc/arm-none-eabi/9.3.1/thumb/v7e-m+fp/hard/crti.o
                0x0000000008001b00                _fini
 .fini          0x0000000008001b04        0x8 c:/st/stm32cubeide_1.7.0/stm32cubeide/plugins/com.st.stm32cube.ide.mcu.externaltools.gnu-tools-for-stm32.9-2020-q2-update.win32_2.0.0.202105311346/tools/bin/../lib/gcc/arm-none-eabi/9.3.1/thumb/v7e-m+fp/hard/crtn.o
                0x0000000008001b0c                . = ALIGN (0x4)
                0x0000000008001b0c                _etext = .

.vfp11_veneer   0x0000000008001b0c        0x0
 .vfp11_veneer  0x0000000008001b0c        0x0 linker stubs

.v4_bx          0x0000000008001b0c        0x0
 .v4_bx         0x0000000008001b0c        0x0 linker stubs

.iplt           0x0000000008001b0c        0x0
 .iplt          0x0000000008001b0c        0x0 c:/st/stm32cubeide_1.7.0/stm32cubeide/plugins/com.st.stm32cube.ide.mcu.externaltools.gnu-tools-for-stm32.9-2020-q2-update.win32_2.0.0.202105311346/tools/bin/../lib/gcc/arm-none-eabi/9.3.1/thumb/v7e-m+fp/hard/crtbegin.o

.rodata         0x0000000008001b0c       0xec
                0x0000000008001b0c                . = ALIGN (0x4)
 *(.rodata)
 .rodata        0x0000000008001b0c       0x21 ./Core/Src/main.o
 *fill*         0x0000000008001b2d        0x3 
 .rodata        0x0000000008001b30       0x1a ./RTOS_Kernel/Src/Rtos.o
 *fill*         0x0000000008001b4a        0x2 
 .rodata        0x0000000008001b4c       0x1f ./RTOS_Kernel/Src/Rtos_list.o
 *fill*         0x0000000008001b6b        0x1 
 .rodata        0x0000000008001b6c       0x22 ./RTOS_Kernel/Src/Rtos_mailbox.o
 *fill*         0x0000000008001b8e        0x2 
 .rodata        0x0000000008001b90       0x20 ./RTOS_Kernel/Src/Rtos_mutex.o
 .rodata        0x0000000008001bb0       0x24 ./RTOS_Kernel/Src/Rtos_semaphore.o
 .rodata        0x0000000008001bd4       0x21 ./RTOS_Kernel/Src/Rtos_thread.o
 *(.rodata*)
                0x0000000008001bf8                . = ALIGN (0x4)
 *fill*         0x0000000008001bf5        0x3 

.rel.dyn        0x0000000008001bf8        0x0
 .rel.iplt      0x0000000008001bf8        0x0 c:/st/stm32cubeide_1.7.0/stm32cubeide/plugins/com.st.stm32cube.ide.mcu.externaltools.gnu-tools-for-stm32.9-2020-q2-update.win32_2.0.0.202105311346/tools/bin/../lib/gcc/arm-none-eabi/9.3.1/thumb/v7e-m+fp/hard/crtbegin.o

.ARM.extab      0x0000000008001bf8        0x0
                0x0000000008001bf8                . = ALIGN (0x4)
 *(.ARM.extab* .gnu.linkonce.armextab.*)
                0x0000000008001bf8                . = ALIGN (0x4)

.ARM            0x0000000008001bf8        0x0
                0x0000000008001bf8                . = ALIGN (0x4)
                0x0000000008001bf8                __exidx_start = .
 *(.ARM.exidx*)
                0x0000000008001bf8                __exidx_end = .
                0x0000000008001bf8                . = ALIGN (0x4)

.preinit_array  0x0000000008001bf8        0x0
                0x0000000008001bf8                . = ALIGN (0x4)
                0x0000000008001bf8                PROVIDE (__preinit_array_start = .)
 *(.preinit_array*)
                0x0000000008001bf8                PROVIDE (__preinit_array_end = .)
                0x0000000008001bf8                . = ALIGN (0x4)

.init_array     0x0000000008001bf8        0x4
                0x0000000008001bf8                . = ALIGN (0x4)
                0x0000000008001bf8                PROVIDE (__init_array_start = .)
 *(SORT_BY_NAME(.init_array.*))
 *(.init_array*)
 .init_array    0x0000000008001bf8        0x4 c:/st/stm32cubeide_1.7.0/stm32cubeide/plugins/com.st.stm32cube.ide.mcu.externaltools.gnu-tools-for-stm32.9-2020-q2-update.win32_2.0.0.202105311346/tools/bin/../lib/gcc/arm-none-eabi/9.3.1/thumb/v7e-m+fp/hard/crtbegin.o
                0x0000000008001bfc                PROVIDE (__init_array_end = .)
                0x0000000008001bfc                . = ALIGN (0x4)

.fini_array     0x0000000008001bfc        0x4
                0x0000000008001bfc                . = ALIGN (0x4)
                [!provide]                        PROVIDE (__fini_array_start = .)
 *(SORT_BY_NAME(.fini_array.*))
 *(.fini_array*)
 .fini_array    0x0000000008001bfc        0x4 c:/st/stm32cubeide_1.7.0/stm32cubeide/plugins/com.st.stm32cube.ide.mcu.externaltools.gnu-tools-for-stm32.9-2020-q2-update.win32_2.0.0.202105311346/tools/bin/../lib/gcc/arm-none-eabi/9.3.1/thumb/v7e-m+fp/hard/crtbegin.o
                [!provide]                        PROVIDE (__fini_array_end = .)
                0x0000000008001c00                . = ALIGN (0x4)
                0x0000000008001c00                _sidata = LOADADDR (.data)

.data           0x0000000020000000        0x4 load address 0x0000000008001c00
                0x0000000020000000                . = ALIGN (0x4)
                0x0000000020000000                _sdata = .
 *(.data)
 *(.data*)
 .data.currentTopPriotiy
                0x0000000020000000        0x4 ./RTOS_Kernel/Src/Rtos_thread.o
 *(.RamFunc)
 *(.RamFunc*)
                0x0000000020000004                . = ALIGN (0x4)
                0x0000000020000004                _edata = .
                0x0000000008001c04                _siccmram = LOADADDR (.ccmram)

.igot.plt       0x0000000020000004        0x0 load address 0x0000000008001c04
 .igot.plt      0x0000000020000004        0x0 c:/st/stm32cubeide_1.7.0/stm32cubeide/plugins/com.st.stm32cube.ide.mcu.externaltools.gnu-tools-for-stm32.9-2020-q2-update.win32_2.0.0.202105311346/tools/bin/../lib/gcc/arm-none-eabi/9.3.1/thumb/v7e-m+fp/hard/crtbegin.o

.ccmram         0x0000000010000000        0x0 load address 0x0000000008001c04
                0x0000000010000000                . = ALIGN (0x4)
                0x0000000010000000                _sccmram = .
 *(.ccmram)
 *(.ccmram*)
                0x0000000010000000                . = ALIGN (0x4)
                0x0000000010000000                _eccmram = .
                0x0000000010000000                . = ALIGN (0x4)

.bss            0x0000000020000008     0xa388
                0x0000000020000008                _sbss = .
                0x0000000020000008                __bss_start__ = _sbss
 *(.bss)
 .bss           0x0000000020000008       0x1c c:/st/stm32cubeide_1.7.0/stm32cubeide/plugins/com.st.stm32cube.ide.mcu.externaltools.gnu-tools-for-stm32.9-2020-q2-update.win32_2.0.0.202105311346/tools/bin/../lib/gcc/arm-none-eabi/9.3.1/thumb/v7e-m+fp/hard/crtbegin.o
 *(.bss*)
 .bss.thread1   0x0000000020000024       0x4c ./Core/Src/main.o
 .bss.thread1stack
                0x0000000020000070     0x2000 ./Core/Src/main.o
 .bss.thread2   0x0000000020002070       0x4c ./Core/Src/main.o
 *fill*         0x00000000200020bc        0x4 
 .bss.thread2stack
                0x00000000200020c0     0x2000 ./Core/Src/main.o
 .bss.thread3   0x00000000200040c0       0x4c ./Core/Src/main.o
 *fill*         0x000000002000410c        0x4 
 .bss.thread3stack
                0x0000000020004110     0x2000 ./Core/Src/main.o
 .bss.thread4   0x0000000020006110       0x4c ./Core/Src/main.o
 *fill*         0x000000002000615c        0x4 
 .bss.thread4stack
                0x0000000020006160     0x2000 ./Core/Src/main.o
 .bss.mutex1    0x0000000020008160       0x1c ./Core/Src/main.o
 .bss.semaphore1
                0x000000002000817c       0x1c ./Core/Src/main.o
 .bss.mailbox1  0x0000000020008198       0x30 ./Core/Src/main.o
 .bss.mailbox1buffer
                0x00000000200081c8        0xc ./Core/Src/main.o
 .bss.schedulerRunning
                0x00000000200081d4        0x4 ./RTOS_Kernel/Src/Rtos.o
 .bss.idleThread
                0x00000000200081d8       0x4c ./RTOS_Kernel/Src/Rtos.o
 *fill*         0x0000000020008224        0x4 
 .bss.idleThreadStack
                0x0000000020008228     0x2000 ./RTOS_Kernel/Src/Rtos.o
 .bss.readyList
                0x000000002000a228      0x140 ./RTOS_Kernel/Src/Rtos_thread.o
 .bss.timerList
                0x000000002000a368       0x14 ./RTOS_Kernel/Src/Rtos_thread.o
 .bss.pRunningThread
                0x000000002000a37c        0x4 ./RTOS_Kernel/Src/Rtos_thread.o
 .bss.runningThreadID
                0x000000002000a380        0x4 ./RTOS_Kernel/Src/Rtos_thread.o
 .bss.numOfThreads
                0x000000002000a384        0x4 ./RTOS_Kernel/Src/Rtos_thread.o
 .bss.sysTickCounter
                0x000000002000a388        0x4 ./RTOS_Kernel/Src/Rtos_thread.o
 *(COMMON)
 COMMON         0x000000002000a38c        0x4 ./RTOS_Kernel/Src/Rtos.o
                0x000000002000a38c                svcEXEReturn
                0x000000002000a390                . = ALIGN (0x4)
                0x000000002000a390                _ebss = .
                0x000000002000a390                __bss_end__ = _ebss

._user_heap_stack
                0x000000002000a390      0x600
                0x000000002000a390                . = ALIGN (0x8)
                [!provide]                        PROVIDE (end = .)
                0x000000002000a390                PROVIDE (_end = .)
                0x000000002000a590                . = (. + _Min_Heap_Size)
 *fill*         0x000000002000a390      0x200 
                0x000000002000a990                . = (. + _Min_Stack_Size)
 *fill*         0x000000002000a590      0x400 
                0x000000002000a990                . = ALIGN (0x8)

/DISCARD/
 libc.a(*)
 libm.a(*)
 libgcc.a(*)

.ARM.attributes
                0x0000000000000000       0x30
 *(.ARM.attributes)
 .ARM.attributes
                0x0000000000000000       0x1e c:/st/stm32cubeide_1.7.0/stm32cubeide/plugins/com.st.stm32cube.ide.mcu.externaltools.gnu-tools-for-stm32.9-2020-q2-update.win32_2.0.0.202105311346/tools/bin/../lib/gcc/arm-none-eabi/9.3.1/thumb/v7e-m+fp/hard/crti.o
 .ARM.attributes
                0x000000000000001e       0x34 c:/st/stm32cubeide_1.7.0/stm32cubeide/plugins/com.st.stm32cube.ide.mcu.externaltools.gnu-tools-for-stm32.9-2020-q2-update.win32_2.0.0.202105311346/tools/bin/../lib/gcc/arm-none-eabi/9.3.1/thumb/v7e-m+fp/hard/crtbegin.o
 .ARM.attributes
                0x0000000000000052       0x34 ./Core/Src/CAN.o
 .ARM.attributes
                0x0000000000000086       0x34 ./Core/Src/itm.o
 .ARM.attributes
                0x00000000000000ba       0x34 ./Core/Src/main.o
 .ARM.attributes
                0x00000000000000ee       0x34 ./Core/Src/stm32f4xx_it.o
 .ARM.attributes
                0x0000000000000122       0x34 ./Core/Src/system_stm32f4xx.o
 .ARM.attributes
                0x0000000000000156       0x21 ./Core/Startup/startup_stm32f429zitx.o
 .ARM.attributes
                0x0000000000000177       0x34 ./RTOS_Kernel/Src/HelpFun.o
 .ARM.attributes
                0x00000000000001ab       0x34 ./RTOS_Kernel/Src/Rtos.o
 .ARM.attributes
                0x00000000000001df       0x25 ./RTOS_Kernel/Src/Rtos_asm.o
 .ARM.attributes
                0x0000000000000204       0x34 ./RTOS_Kernel/Src/Rtos_list.o
 .ARM.attributes
                0x0000000000000238       0x34 ./RTOS_Kernel/Src/Rtos_mailbox.o
 .ARM.attributes
                0x000000000000026c       0x34 ./RTOS_Kernel/Src/Rtos_mutex.o
 .ARM.attributes
                0x00000000000002a0       0x34 ./RTOS_Kernel/Src/Rtos_semaphore.o
 .ARM.attributes
                0x00000000000002d4       0x25 ./RTOS_Kernel/Src/Rtos_svc_calls.o
 .ARM.attributes
                0x00000000000002f9       0x34 ./RTOS_Kernel/Src/Rtos_thread.o
 .ARM.attributes
                0x000000000000032d       0x34 c:/st/stm32cubeide_1.7.0/stm32cubeide/plugins/com.st.stm32cube.ide.mcu.externaltools.gnu-tools-for-stm32.9-2020-q2-update.win32_2.0.0.202105311346/tools/bin/../lib/gcc/arm-none-eabi/9.3.1/../../../../arm-none-eabi/lib/thumb/v7e-m+fp/hard\libc_nano.a(lib_a-init.o)
 .ARM.attributes
                0x0000000000000361       0x34 c:/st/stm32cubeide_1.7.0/stm32cubeide/plugins/com.st.stm32cube.ide.mcu.externaltools.gnu-tools-for-stm32.9-2020-q2-update.win32_2.0.0.202105311346/tools/bin/../lib/gcc/arm-none-eabi/9.3.1/../../../../arm-none-eabi/lib/thumb/v7e-m+fp/hard\libc_nano.a(lib_a-memcpy-stub.o)
 .ARM.attributes
                0x0000000000000395       0x1e c:/st/stm32cubeide_1.7.0/stm32cubeide/plugins/com.st.stm32cube.ide.mcu.externaltools.gnu-tools-for-stm32.9-2020-q2-update.win32_2.0.0.202105311346/tools/bin/../lib/gcc/arm-none-eabi/9.3.1/thumb/v7e-m+fp/hard/crtn.o
OUTPUT(Custom_RTOS.elf elf32-littlearm)
LOAD linker stubs
LOAD c:/st/stm32cubeide_1.7.0/stm32cubeide/plugins/com.st.stm32cube.ide.mcu.externaltools.gnu-tools-for-stm32.9-2020-q2-update.win32_2.0.0.202105311346/tools/bin/../lib/gcc/arm-none-eabi/9.3.1/../../../../arm-none-eabi/lib/thumb/v7e-m+fp/hard\libc.a
LOAD c:/st/stm32cubeide_1.7.0/stm32cubeide/plugins/com.st.stm32cube.ide.mcu.externaltools.gnu-tools-for-stm32.9-2020-q2-update.win32_2.0.0.202105311346/tools/bin/../lib/gcc/arm-none-eabi/9.3.1/../../../../arm-none-eabi/lib/thumb/v7e-m+fp/hard\libm.a
LOAD c:/st/stm32cubeide_1.7.0/stm32cubeide/plugins/com.st.stm32cube.ide.mcu.externaltools.gnu-tools-for-stm32.9-2020-q2-update.win32_2.0.0.202105311346/tools/bin/../lib/gcc/arm-none-eabi/9.3.1/thumb/v7e-m+fp/hard\libgcc.a

.debug_info     0x0000000000000000     0x91e7
 .debug_info    0x0000000000000000      0x768 ./Core/Src/CAN.o
 .debug_info    0x0000000000000768      0x4b2 ./Core/Src/itm.o
 .debug_info    0x0000000000000c1a     0x125b ./Core/Src/main.o
 .debug_info    0x0000000000001e75      0xad6 ./Core/Src/stm32f4xx_it.o
 .debug_info    0x000000000000294b      0x5c0 ./Core/Src/system_stm32f4xx.o
 .debug_info    0x0000000000002f0b       0x22 ./Core/Startup/startup_stm32f429zitx.o
 .debug_info    0x0000000000002f2d      0x1eb ./RTOS_Kernel/Src/HelpFun.o
 .debug_info    0x0000000000003118     0x15a5 ./RTOS_Kernel/Src/Rtos.o
 .debug_info    0x00000000000046bd       0x26 ./RTOS_Kernel/Src/Rtos_asm.o
 .debug_info    0x00000000000046e3      0xbd9 ./RTOS_Kernel/Src/Rtos_list.o
 .debug_info    0x00000000000052bc      0xf85 ./RTOS_Kernel/Src/Rtos_mailbox.o
 .debug_info    0x0000000000006241      0xf62 ./RTOS_Kernel/Src/Rtos_mutex.o
 .debug_info    0x00000000000071a3      0xffb ./RTOS_Kernel/Src/Rtos_semaphore.o
 .debug_info    0x000000000000819e       0x26 ./RTOS_Kernel/Src/Rtos_svc_calls.o
 .debug_info    0x00000000000081c4     0x1023 ./RTOS_Kernel/Src/Rtos_thread.o

.debug_abbrev   0x0000000000000000     0x1a73
 .debug_abbrev  0x0000000000000000      0x1ee ./Core/Src/CAN.o
 .debug_abbrev  0x00000000000001ee      0x1a4 ./Core/Src/itm.o
 .debug_abbrev  0x0000000000000392      0x266 ./Core/Src/main.o
 .debug_abbrev  0x00000000000005f8      0x1ca ./Core/Src/stm32f4xx_it.o
 .debug_abbrev  0x00000000000007c2      0x145 ./Core/Src/system_stm32f4xx.o
 .debug_abbrev  0x0000000000000907       0x12 ./Core/Startup/startup_stm32f429zitx.o
 .debug_abbrev  0x0000000000000919      0x112 ./RTOS_Kernel/Src/HelpFun.o
 .debug_abbrev  0x0000000000000a2b      0x3d9 ./RTOS_Kernel/Src/Rtos.o
 .debug_abbrev  0x0000000000000e04       0x14 ./RTOS_Kernel/Src/Rtos_asm.o
 .debug_abbrev  0x0000000000000e18      0x211 ./RTOS_Kernel/Src/Rtos_list.o
 .debug_abbrev  0x0000000000001029      0x27f ./RTOS_Kernel/Src/Rtos_mailbox.o
 .debug_abbrev  0x00000000000012a8      0x282 ./RTOS_Kernel/Src/Rtos_mutex.o
 .debug_abbrev  0x000000000000152a      0x282 ./RTOS_Kernel/Src/Rtos_semaphore.o
 .debug_abbrev  0x00000000000017ac       0x14 ./RTOS_Kernel/Src/Rtos_svc_calls.o
 .debug_abbrev  0x00000000000017c0      0x2b3 ./RTOS_Kernel/Src/Rtos_thread.o

.debug_aranges  0x0000000000000000      0x3a0
 .debug_aranges
                0x0000000000000000       0x48 ./Core/Src/CAN.o
 .debug_aranges
                0x0000000000000048       0x38 ./Core/Src/itm.o
 .debug_aranges
                0x0000000000000080       0x48 ./Core/Src/main.o
 .debug_aranges
                0x00000000000000c8       0x60 ./Core/Src/stm32f4xx_it.o
 .debug_aranges
                0x0000000000000128       0x28 ./Core/Src/system_stm32f4xx.o
 .debug_aranges
                0x0000000000000150       0x28 ./Core/Startup/startup_stm32f429zitx.o
 .debug_aranges
                0x0000000000000178       0x28 ./RTOS_Kernel/Src/HelpFun.o
 .debug_aranges
                0x00000000000001a0       0x68 ./RTOS_Kernel/Src/Rtos.o
 .debug_aranges
                0x0000000000000208       0x20 ./RTOS_Kernel/Src/Rtos_asm.o
 .debug_aranges
                0x0000000000000228       0x38 ./RTOS_Kernel/Src/Rtos_list.o
 .debug_aranges
                0x0000000000000260       0x40 ./RTOS_Kernel/Src/Rtos_mailbox.o
 .debug_aranges
                0x00000000000002a0       0x30 ./RTOS_Kernel/Src/Rtos_mutex.o
 .debug_aranges
                0x00000000000002d0       0x30 ./RTOS_Kernel/Src/Rtos_semaphore.o
 .debug_aranges
                0x0000000000000300       0x20 ./RTOS_Kernel/Src/Rtos_svc_calls.o
 .debug_aranges
                0x0000000000000320       0x80 ./RTOS_Kernel/Src/Rtos_thread.o

.debug_ranges   0x0000000000000000      0x298
 .debug_ranges  0x0000000000000000       0x38 ./Core/Src/CAN.o
 .debug_ranges  0x0000000000000038       0x28 ./Core/Src/itm.o
 .debug_ranges  0x0000000000000060       0x38 ./Core/Src/main.o
 .debug_ranges  0x0000000000000098       0x50 ./Core/Src/stm32f4xx_it.o
 .debug_ranges  0x00000000000000e8       0x18 ./Core/Src/system_stm32f4xx.o
 .debug_ranges  0x0000000000000100       0x20 ./Core/Startup/startup_stm32f429zitx.o
 .debug_ranges  0x0000000000000120       0x18 ./RTOS_Kernel/Src/HelpFun.o
 .debug_ranges  0x0000000000000138       0x58 ./RTOS_Kernel/Src/Rtos.o
 .debug_ranges  0x0000000000000190       0x28 ./RTOS_Kernel/Src/Rtos_list.o
 .debug_ranges  0x00000000000001b8       0x30 ./RTOS_Kernel/Src/Rtos_mailbox.o
 .debug_ranges  0x00000000000001e8       0x20 ./RTOS_Kernel/Src/Rtos_mutex.o
 .debug_ranges  0x0000000000000208       0x20 ./RTOS_Kernel/Src/Rtos_semaphore.o
 .debug_ranges  0x0000000000000228       0x70 ./RTOS_Kernel/Src/Rtos_thread.o

.debug_macro    0x0000000000000000    0x2262d
 .debug_macro   0x0000000000000000      0x1d2 ./Core/Src/CAN.o
 .debug_macro   0x00000000000001d2      0xaa8 ./Core/Src/CAN.o
 .debug_macro   0x0000000000000c7a       0x2e ./Core/Src/CAN.o
 .debug_macro   0x0000000000000ca8       0x28 ./Core/Src/CAN.o
 .debug_macro   0x0000000000000cd0       0x22 ./Core/Src/CAN.o
 .debug_macro   0x0000000000000cf2       0x8e ./Core/Src/CAN.o
 .debug_macro   0x0000000000000d80       0x51 ./Core/Src/CAN.o
 .debug_macro   0x0000000000000dd1      0x103 ./Core/Src/CAN.o
 .debug_macro   0x0000000000000ed4       0x6a ./Core/Src/CAN.o
 .debug_macro   0x0000000000000f3e      0x1df ./Core/Src/CAN.o
 .debug_macro   0x000000000000111d       0x1c ./Core/Src/CAN.o
 .debug_macro   0x0000000000001139       0x22 ./Core/Src/CAN.o
 .debug_macro   0x000000000000115b       0xdf ./Core/Src/CAN.o
 .debug_macro   0x000000000000123a     0x102d ./Core/Src/CAN.o
 .debug_macro   0x0000000000002267      0x11f ./Core/Src/CAN.o
 .debug_macro   0x0000000000002386    0x17f91 ./Core/Src/CAN.o
 .debug_macro   0x000000000001a317       0x6d ./Core/Src/CAN.o
 .debug_macro   0x000000000001a384      0x28f ./Core/Src/CAN.o
 .debug_macro   0x000000000001a613     0x36dd ./Core/Src/CAN.o
 .debug_macro   0x000000000001dcf0      0x174 ./Core/Src/CAN.o
 .debug_macro   0x000000000001de64       0x5c ./Core/Src/CAN.o
 .debug_macro   0x000000000001dec0      0xca5 ./Core/Src/CAN.o
 .debug_macro   0x000000000001eb65      0x9fe ./Core/Src/CAN.o
 .debug_macro   0x000000000001f563      0x116 ./Core/Src/CAN.o
 .debug_macro   0x000000000001f679      0x157 ./Core/Src/CAN.o
 .debug_macro   0x000000000001f7d0       0xa5 ./Core/Src/CAN.o
 .debug_macro   0x000000000001f875      0x182 ./Core/Src/CAN.o
 .debug_macro   0x000000000001f9f7      0x287 ./Core/Src/CAN.o
 .debug_macro   0x000000000001fc7e       0x5f ./Core/Src/CAN.o
 .debug_macro   0x000000000001fcdd      0x236 ./Core/Src/CAN.o
 .debug_macro   0x000000000001ff13      0x132 ./Core/Src/CAN.o
 .debug_macro   0x0000000000020045      0x41d ./Core/Src/CAN.o
 .debug_macro   0x0000000000020462       0x2e ./Core/Src/CAN.o
 .debug_macro   0x0000000000020490      0x11a ./Core/Src/CAN.o
 .debug_macro   0x00000000000205aa       0xe2 ./Core/Src/CAN.o
 .debug_macro   0x000000000002068c       0x89 ./Core/Src/CAN.o
 .debug_macro   0x0000000000020715      0x134 ./Core/Src/CAN.o
 .debug_macro   0x0000000000020849      0x1be ./Core/Src/itm.o
 .debug_macro   0x0000000000020a07      0x30c ./Core/Src/main.o
 .debug_macro   0x0000000000020d13      0x2fe ./Core/Src/stm32f4xx_it.o
 .debug_macro   0x0000000000021011      0x1b0 ./Core/Src/system_stm32f4xx.o
 .debug_macro   0x00000000000211c1      0x1bf ./RTOS_Kernel/Src/HelpFun.o
 .debug_macro   0x0000000000021380       0x10 ./RTOS_Kernel/Src/HelpFun.o
 .debug_macro   0x0000000000021390      0x2e4 ./RTOS_Kernel/Src/Rtos.o
 .debug_macro   0x0000000000021674       0xd9 ./RTOS_Kernel/Src/Rtos.o
 .debug_macro   0x000000000002174d       0x56 ./RTOS_Kernel/Src/Rtos.o
 .debug_macro   0x00000000000217a3       0x10 ./RTOS_Kernel/Src/Rtos.o
 .debug_macro   0x00000000000217b3      0x2ea ./RTOS_Kernel/Src/Rtos_list.o
 .debug_macro   0x0000000000021a9d      0x2e4 ./RTOS_Kernel/Src/Rtos_mailbox.o
 .debug_macro   0x0000000000021d81      0x2e4 ./RTOS_Kernel/Src/Rtos_mutex.o
 .debug_macro   0x0000000000022065      0x2e4 ./RTOS_Kernel/Src/Rtos_semaphore.o
 .debug_macro   0x0000000000022349      0x2e4 ./RTOS_Kernel/Src/Rtos_thread.o

.debug_line     0x0000000000000000     0x6f71
 .debug_line    0x0000000000000000      0x869 ./Core/Src/CAN.o
 .debug_line    0x0000000000000869      0x750 ./Core/Src/itm.o
 .debug_line    0x0000000000000fb9      0x99a ./Core/Src/main.o
 .debug_line    0x0000000000001953      0x93c ./Core/Src/stm32f4xx_it.o
 .debug_line    0x000000000000228f      0x6ff ./Core/Src/system_stm32f4xx.o
 .debug_line    0x000000000000298e       0x88 ./Core/Startup/startup_stm32f429zitx.o
 .debug_line    0x0000000000002a16      0x6b7 ./RTOS_Kernel/Src/HelpFun.o
 .debug_line    0x00000000000030cd      0xb45 ./RTOS_Kernel/Src/Rtos.o
 .debug_line    0x0000000000003c12       0x74 ./RTOS_Kernel/Src/Rtos_asm.o
 .debug_line    0x0000000000003c86      0x967 ./RTOS_Kernel/Src/Rtos_list.o
 .debug_line    0x00000000000045ed      0xa1d ./RTOS_Kernel/Src/Rtos_mailbox.o
 .debug_line    0x000000000000500a      0x98a ./RTOS_Kernel/Src/Rtos_mutex.o
 .debug_line    0x0000000000005994      0x9bf ./RTOS_Kernel/Src/Rtos_semaphore.o
 .debug_line    0x0000000000006353       0x6f ./RTOS_Kernel/Src/Rtos_svc_calls.o
 .debug_line    0x00000000000063c2      0xbaf ./RTOS_Kernel/Src/Rtos_thread.o

.debug_str      0x0000000000000000    0xcdf3f
 .debug_str     0x0000000000000000    0xc98e7 ./Core/Src/CAN.o
                                      0xc9b72 (size before relaxing)
 .debug_str     0x00000000000c98e7       0xb9 ./Core/Src/itm.o
                                      0xc9927 (size before relaxing)
 .debug_str     0x00000000000c99a0     0x37d6 ./Core/Src/main.o
                                      0xcd1cd (size before relaxing)
 .debug_str     0x00000000000cd176       0xb3 ./Core/Src/stm32f4xx_it.o
                                      0xccd44 (size before relaxing)
 .debug_str     0x00000000000cd229       0xaf ./Core/Src/system_stm32f4xx.o
                                      0xc99e7 (size before relaxing)
 .debug_str     0x00000000000cd2d8       0x36 ./Core/Startup/startup_stm32f429zitx.o
                                         0x8a (size before relaxing)
 .debug_str     0x00000000000cd30e       0x47 ./RTOS_Kernel/Src/HelpFun.o
                                      0xc9922 (size before relaxing)
 .debug_str     0x00000000000cd355      0x73a ./RTOS_Kernel/Src/Rtos.o
                                      0xcd687 (size before relaxing)
 .debug_str     0x00000000000cda8f       0x1e ./RTOS_Kernel/Src/Rtos_asm.o
                                         0x80 (size before relaxing)
 .debug_str     0x00000000000cdaad       0xba ./RTOS_Kernel/Src/Rtos_list.o
                                      0xccda3 (size before relaxing)
 .debug_str     0x00000000000cdb67       0xa2 ./RTOS_Kernel/Src/Rtos_mailbox.o
                                      0xccf29 (size before relaxing)
 .debug_str     0x00000000000cdc09       0x8d ./RTOS_Kernel/Src/Rtos_mutex.o
                                      0xccee7 (size before relaxing)
 .debug_str     0x00000000000cdc96       0x85 ./RTOS_Kernel/Src/Rtos_semaphore.o
                                      0xccf1b (size before relaxing)
 .debug_str     0x00000000000cdd1b       0x24 ./RTOS_Kernel/Src/Rtos_svc_calls.o
                                         0x86 (size before relaxing)
 .debug_str     0x00000000000cdd3f      0x200 ./RTOS_Kernel/Src/Rtos_thread.o
                                      0xccff1 (size before relaxing)

.comment        0x0000000000000000       0x53
 .comment       0x0000000000000000       0x53 ./Core/Src/CAN.o
                                         0x54 (size before relaxing)
 .comment       0x0000000000000053       0x54 ./Core/Src/itm.o
 .comment       0x0000000000000053       0x54 ./Core/Src/main.o
 .comment       0x0000000000000053       0x54 ./Core/Src/stm32f4xx_it.o
 .comment       0x0000000000000053       0x54 ./Core/Src/system_stm32f4xx.o
 .comment       0x0000000000000053       0x54 ./RTOS_Kernel/Src/HelpFun.o
 .comment       0x0000000000000053       0x54 ./RTOS_Kernel/Src/Rtos.o
 .comment       0x0000000000000053       0x54 ./RTOS_Kernel/Src/Rtos_list.o
 .comment       0x0000000000000053       0x54 ./RTOS_Kernel/Src/Rtos_mailbox.o
 .comment       0x0000000000000053       0x54 ./RTOS_Kernel/Src/Rtos_mutex.o
 .comment       0x0000000000000053       0x54 ./RTOS_Kernel/Src/Rtos_semaphore.o
 .comment       0x0000000000000053       0x54 ./RTOS_Kernel/Src/Rtos_thread.o

.debug_frame    0x0000000000000000      0x9e8
 .debug_frame   0x0000000000000000       0xe0 ./Core/Src/CAN.o
 .debug_frame   0x00000000000000e0       0xa8 ./Core/Src/itm.o
 .debug_frame   0x0000000000000188       0xc8 ./Core/Src/main.o
 .debug_frame   0x0000000000000250      0x100 ./Core/Src/stm32f4xx_it.o
 .debug_frame   0x0000000000000350       0x58 ./Core/Src/system_stm32f4xx.o
 .debug_frame   0x00000000000003a8       0x4c ./RTOS_Kernel/Src/HelpFun.o
 .debug_frame   0x00000000000003f4      0x16c ./RTOS_Kernel/Src/Rtos.o
 .debug_frame   0x0000000000000560       0xa8 ./RTOS_Kernel/Src/Rtos_list.o
 .debug_frame   0x0000000000000608       0xc4 ./RTOS_Kernel/Src/Rtos_mailbox.o
 .debug_frame   0x00000000000006cc       0x7c ./RTOS_Kernel/Src/Rtos_mutex.o
 .debug_frame   0x0000000000000748       0x7c ./RTOS_Kernel/Src/Rtos_semaphore.o
 .debug_frame   0x00000000000007c4      0x1d0 ./RTOS_Kernel/Src/Rtos_thread.o
 .debug_frame   0x0000000000000994       0x2c c:/st/stm32cubeide_1.7.0/stm32cubeide/plugins/com.st.stm32cube.ide.mcu.externaltools.gnu-tools-for-stm32.9-2020-q2-update.win32_2.0.0.202105311346/tools/bin/../lib/gcc/arm-none-eabi/9.3.1/../../../../arm-none-eabi/lib/thumb/v7e-m+fp/hard\libc_nano.a(lib_a-init.o)
 .debug_frame   0x00000000000009c0       0x28 c:/st/stm32cubeide_1.7.0/stm32cubeide/plugins/com.st.stm32cube.ide.mcu.externaltools.gnu-tools-for-stm32.9-2020-q2-update.win32_2.0.0.202105311346/tools/bin/../lib/gcc/arm-none-eabi/9.3.1/../../../../arm-none-eabi/lib/thumb/v7e-m+fp/hard\libc_nano.a(lib_a-memcpy-stub.o)
